../Core/Src/main.c:92:5:main	104	static
../Core/Src/main.c:155:6:SystemClock_Config	72	static
../Core/Src/main.c:195:13:MX_TIM1_Init	48	static
../Core/Src/main.c:254:13:MX_USART1_UART_Init	8	static
../Core/Src/main.c:287:13:MX_GPIO_Init	40	static
../Core/Src/main.c:339:9:get_spark_advance	16	static
../Core/Src/main.c:348:9:get_injection_advance	16	static
../Core/Src/main.c:356:6:HAL_TIM_IC_CaptureCallback	56	static
../Core/Src/main.c:459:6:HAL_GPIO_EXTI_Callback	16	static
../Core/Src/main.c:476:6:Error_Handler	4	static,ignoring_inline_asm
